MPLINK 4.40, Linker
Linker Map File - Created Fri Oct 21 12:20:24 2011

                                 Section Info
                  Section       Type    Address   Location Size(Bytes)
                ---------  ---------  ---------  ---------  ---------
               _entry_scn       code   0x000000    program   0x000006
    REMAPPED_RESET_VECTOR       code   0x001000    program   0x000006
                   .cinit    romdata   0x001006    program   0x000002
               _cinit_scn       code   0x001008    program   0x00009e
             D10KTCYXCODE       code   0x0010a6    program   0x00002e
                    .code       code   0x0010d4    program   0x000020
             _startup_scn       code   0x0010f4    program   0x00001c
             .code_main.o       code   0x001110    program   0x00001a
           .code___init.o       code   0x00112a    program   0x000002
         .idata_c018i.o_i    romdata   0x00112c    program   0x000000
         .romdata_c018i.o    romdata   0x00112c    program   0x000000
            .code_c018i.o       code   0x00112c    program   0x000000
          .idata_main.o_i    romdata   0x00112c    program   0x000000
          .romdata_main.o    romdata   0x00112c    program   0x000000
        .idata___init.o_i    romdata   0x00112c    program   0x000000
        .romdata___init.o    romdata   0x00112c    program   0x000000
                MATH_DATA      udata   0x000000       data   0x000002
                DELAYDAT2      udata   0x000002       data   0x000001
                DELAYDAT1      udata   0x000003       data   0x000001
                 .tmpdata      udata   0x000004       data   0x000000
           .udata_c018i.o      udata   0x000060       data   0x00000a
           .idata_c018i.o      idata   0x00006a       data   0x000000
            .udata_main.o      udata   0x00006a       data   0x000000
            .idata_main.o      idata   0x00006a       data   0x000000
          .udata___init.o      udata   0x00006a       data   0x000000
          .idata___init.o      idata   0x00006a       data   0x000000
                   .stack      udata   0x000100       data   0x000040
              SFR_BANKED0      udata   0x000f53       data   0x00000d
            SFR_UNBANKED0      udata   0x000f60       data   0x0000a0



                              Program Memory Usage 
                               Start         End      
                           ---------   ---------      
                            0x000000    0x000005      
                            0x001000    0x00112b      
            306 out of 16408 program addresses used, program memory utilization is 1%



                              Symbols - Sorted by Name
                     Name    Address   Location    Storage File                     
                ---------  ---------  ---------  --------- ---------                
                   D10K_1   0x0010b2    program     static C:\MCC18\v3_39\src\traditional\delays\d10ktcyx.asm
                    D10Kl   0x0010be    program     static C:\MCC18\v3_39\src\traditional\delays\d10ktcyx.asm
                    D10Kx   0x0010b0    program     static C:\MCC18\v3_39\src\traditional\delays\d10ktcyx.asm
             Delay10KTCYx   0x0010a6    program     extern C:\MCC18\v3_39\src\traditional\delays\d10ktcyx.asm
       _D10KTCYXCODE_0010   0x0010b6    program     static C:\MCC18\v3_39\src\traditional\delays\d10ktcyx.asm
       _D10KTCYXCODE_001C   0x0010c2    program     static C:\MCC18\v3_39\src\traditional\delays\d10ktcyx.asm
       ___return_lbl00000   0x000004    program     static                          
       ___return_lbl00000   0x001004    program     static                          
       ___return_lbl00001   0x00110e    program     static                          
       ___return_lbl00002   0x0010a4    program     static                          
                   __init   0x00112a    program     extern C:\MCC18\v3_39\src\traditional\stdclib\__init.c
            __zero_memory   0x0010d4    program     extern C:\MCC18\v3_39\src\traditional\proc\p18F14K50.asm
                _do_cinit   0x001008    program     extern C:\MCC18\v3_39\src\traditional\startup\c018i.c
                   _entry   0x000000    program     extern C:\MCC18\v3_39\src\traditional\startup\c018i.c
                   _reset   0x001000    program     extern C:\Users\jtautic.CORP\Documents\PIC18F14K50-LED-Flash\main.c
                 _startup   0x0010f4    program     extern C:\MCC18\v3_39\src\traditional\startup\c018i.c
                compare_l   0x0010ea    program     static C:\MCC18\v3_39\src\traditional\proc\p18F14K50.asm
                copy_loop   0x00107a    program     static                          
            copy_one_byte   0x001080    program     static                          
                     done   0x0010a4    program     static                          
             done_copying   0x00108e    program     static                          
                     loop   0x001104    program     static                          
                   loop_h   0x0010e2    program     static C:\MCC18\v3_39\src\traditional\proc\p18F14K50.asm
                   loop_l   0x0010ec    program     static C:\MCC18\v3_39\src\traditional\proc\p18F14K50.asm
                     main   0x001110    program     extern C:\Users\jtautic.CORP\Documents\PIC18F14K50-LED-Flash\main.c
                     test   0x001022    program     static                          
               zero_block   0x0010e2    program     static C:\MCC18\v3_39\src\traditional\proc\p18F14K50.asm
                   ADCON0   0x000fc2       data     extern C:\MCC18\v3_39\src\traditional\proc\p18F14K50.asm
               ADCON0bits   0x000fc2       data     extern C:\MCC18\v3_39\src\traditional\proc\p18F14K50.asm
                   ADCON1   0x000fc1       data     extern C:\MCC18\v3_39\src\traditional\proc\p18F14K50.asm
               ADCON1bits   0x000fc1       data     extern C:\MCC18\v3_39\src\traditional\proc\p18F14K50.asm
                   ADCON2   0x000fc0       data     extern C:\MCC18\v3_39\src\traditional\proc\p18F14K50.asm
               ADCON2bits   0x000fc0       data     extern C:\MCC18\v3_39\src\traditional\proc\p18F14K50.asm
                    ADRES   0x000fc3       data     extern C:\MCC18\v3_39\src\traditional\proc\p18F14K50.asm
                   ADRESH   0x000fc4       data     extern C:\MCC18\v3_39\src\traditional\proc\p18F14K50.asm
                   ADRESL   0x000fc3       data     extern C:\MCC18\v3_39\src\traditional\proc\p18F14K50.asm
                    ANSEL   0x000f7e       data     extern C:\MCC18\v3_39\src\traditional\proc\p18F14K50.asm
                   ANSELH   0x000f7f       data     extern C:\MCC18\v3_39\src\traditional\proc\p18F14K50.asm
               ANSELHbits   0x000f7f       data     extern C:\MCC18\v3_39\src\traditional\proc\p18F14K50.asm
                ANSELbits   0x000f7e       data     extern C:\MCC18\v3_39\src\traditional\proc\p18F14K50.asm
                  BAUDCON   0x000fb8       data     extern C:\MCC18\v3_39\src\traditional\proc\p18F14K50.asm
              BAUDCONbits   0x000fb8       data     extern C:\MCC18\v3_39\src\traditional\proc\p18F14K50.asm
                  BAUDCTL   0x000fb8       data     extern C:\MCC18\v3_39\src\traditional\proc\p18F14K50.asm
              BAUDCTLbits   0x000fb8       data     extern C:\MCC18\v3_39\src\traditional\proc\p18F14K50.asm
                      BSR   0x000fe0       data     extern C:\MCC18\v3_39\src\traditional\proc\p18F14K50.asm
                  CCP1CON   0x000fbd       data     extern C:\MCC18\v3_39\src\traditional\proc\p18F14K50.asm
              CCP1CONbits   0x000fbd       data     extern C:\MCC18\v3_39\src\traditional\proc\p18F14K50.asm
                    CCPR1   0x000fbe       data     extern C:\MCC18\v3_39\src\traditional\proc\p18F14K50.asm
                   CCPR1H   0x000fbf       data     extern C:\MCC18\v3_39\src\traditional\proc\p18F14K50.asm
                   CCPR1L   0x000fbe       data     extern C:\MCC18\v3_39\src\traditional\proc\p18F14K50.asm
                  CM1CON0   0x000f6d       data     extern C:\MCC18\v3_39\src\traditional\proc\p18F14K50.asm
              CM1CON0bits   0x000f6d       data     extern C:\MCC18\v3_39\src\traditional\proc\p18F14K50.asm
                  CM2CON0   0x000f6b       data     extern C:\MCC18\v3_39\src\traditional\proc\p18F14K50.asm
              CM2CON0bits   0x000f6b       data     extern C:\MCC18\v3_39\src\traditional\proc\p18F14K50.asm
                  CM2CON1   0x000f6c       data     extern C:\MCC18\v3_39\src\traditional\proc\p18F14K50.asm
              CM2CON1bits   0x000f6c       data     extern C:\MCC18\v3_39\src\traditional\proc\p18F14K50.asm
                     DDRA   0x000f92       data     extern C:\MCC18\v3_39\src\traditional\proc\p18F14K50.asm
                 DDRAbits   0x000f92       data     extern C:\MCC18\v3_39\src\traditional\proc\p18F14K50.asm
                     DDRB   0x000f93       data     extern C:\MCC18\v3_39\src\traditional\proc\p18F14K50.asm
                 DDRBbits   0x000f93       data     extern C:\MCC18\v3_39\src\traditional\proc\p18F14K50.asm
                     DDRC   0x000f94       data     extern C:\MCC18\v3_39\src\traditional\proc\p18F14K50.asm
                 DDRCbits   0x000f94       data     extern C:\MCC18\v3_39\src\traditional\proc\p18F14K50.asm
            DelayCounter1   0x000003       data     extern C:\MCC18\v3_39\src\traditional\delays\delayd1.asm
            DelayCounter2   0x000002       data     extern C:\MCC18\v3_39\src\traditional\delays\delayd2.asm
                  ECCP1AS   0x000fb6       data     extern C:\MCC18\v3_39\src\traditional\proc\p18F14K50.asm
              ECCP1ASbits   0x000fb6       data     extern C:\MCC18\v3_39\src\traditional\proc\p18F14K50.asm
                    EEADR   0x000fa9       data     extern C:\MCC18\v3_39\src\traditional\proc\p18F14K50.asm
                EEADRbits   0x000fa9       data     extern C:\MCC18\v3_39\src\traditional\proc\p18F14K50.asm
                   EECON1   0x000fa6       data     extern C:\MCC18\v3_39\src\traditional\proc\p18F14K50.asm
               EECON1bits   0x000fa6       data     extern C:\MCC18\v3_39\src\traditional\proc\p18F14K50.asm
                   EECON2   0x000fa7       data     extern C:\MCC18\v3_39\src\traditional\proc\p18F14K50.asm
                   EEDATA   0x000fa8       data     extern C:\MCC18\v3_39\src\traditional\proc\p18F14K50.asm
                     FSR0   0x000fe9       data     extern C:\MCC18\v3_39\src\traditional\proc\p18F14K50.asm
                    FSR0H   0x000fea       data     extern C:\MCC18\v3_39\src\traditional\proc\p18F14K50.asm
                    FSR0L   0x000fe9       data     extern C:\MCC18\v3_39\src\traditional\proc\p18F14K50.asm
                     FSR1   0x000fe1       data     extern C:\MCC18\v3_39\src\traditional\proc\p18F14K50.asm
                    FSR1H   0x000fe2       data     extern C:\MCC18\v3_39\src\traditional\proc\p18F14K50.asm
                    FSR1L   0x000fe1       data     extern C:\MCC18\v3_39\src\traditional\proc\p18F14K50.asm
                     FSR2   0x000fd9       data     extern C:\MCC18\v3_39\src\traditional\proc\p18F14K50.asm
                    FSR2H   0x000fda       data     extern C:\MCC18\v3_39\src\traditional\proc\p18F14K50.asm
                    FSR2L   0x000fd9       data     extern C:\MCC18\v3_39\src\traditional\proc\p18F14K50.asm
                    INDF0   0x000fef       data     extern C:\MCC18\v3_39\src\traditional\proc\p18F14K50.asm
                    INDF1   0x000fe7       data     extern C:\MCC18\v3_39\src\traditional\proc\p18F14K50.asm
                    INDF2   0x000fdf       data     extern C:\MCC18\v3_39\src\traditional\proc\p18F14K50.asm
                   INTCON   0x000ff2       data     extern C:\MCC18\v3_39\src\traditional\proc\p18F14K50.asm
                  INTCON2   0x000ff1       data     extern C:\MCC18\v3_39\src\traditional\proc\p18F14K50.asm
              INTCON2bits   0x000ff1       data     extern C:\MCC18\v3_39\src\traditional\proc\p18F14K50.asm
                  INTCON3   0x000ff0       data     extern C:\MCC18\v3_39\src\traditional\proc\p18F14K50.asm
              INTCON3bits   0x000ff0       data     extern C:\MCC18\v3_39\src\traditional\proc\p18F14K50.asm
               INTCONbits   0x000ff2       data     extern C:\MCC18\v3_39\src\traditional\proc\p18F14K50.asm
                     IOCA   0x000f79       data     extern C:\MCC18\v3_39\src\traditional\proc\p18F14K50.asm
                 IOCAbits   0x000f79       data     extern C:\MCC18\v3_39\src\traditional\proc\p18F14K50.asm
                     IOCB   0x000f7a       data     extern C:\MCC18\v3_39\src\traditional\proc\p18F14K50.asm
                 IOCBbits   0x000f7a       data     extern C:\MCC18\v3_39\src\traditional\proc\p18F14K50.asm
                     IPR1   0x000f9f       data     extern C:\MCC18\v3_39\src\traditional\proc\p18F14K50.asm
                 IPR1bits   0x000f9f       data     extern C:\MCC18\v3_39\src\traditional\proc\p18F14K50.asm
                     IPR2   0x000fa2       data     extern C:\MCC18\v3_39\src\traditional\proc\p18F14K50.asm
                 IPR2bits   0x000fa2       data     extern C:\MCC18\v3_39\src\traditional\proc\p18F14K50.asm
                     LATA   0x000f89       data     extern C:\MCC18\v3_39\src\traditional\proc\p18F14K50.asm
                 LATAbits   0x000f89       data     extern C:\MCC18\v3_39\src\traditional\proc\p18F14K50.asm
                     LATB   0x000f8a       data     extern C:\MCC18\v3_39\src\traditional\proc\p18F14K50.asm
                 LATBbits   0x000f8a       data     extern C:\MCC18\v3_39\src\traditional\proc\p18F14K50.asm
                     LATC   0x000f8b       data     extern C:\MCC18\v3_39\src\traditional\proc\p18F14K50.asm
                 LATCbits   0x000f8b       data     extern C:\MCC18\v3_39\src\traditional\proc\p18F14K50.asm
                   OSCCON   0x000fd3       data     extern C:\MCC18\v3_39\src\traditional\proc\p18F14K50.asm
                  OSCCON2   0x000fd2       data     extern C:\MCC18\v3_39\src\traditional\proc\p18F14K50.asm
              OSCCON2bits   0x000fd2       data     extern C:\MCC18\v3_39\src\traditional\proc\p18F14K50.asm
               OSCCONbits   0x000fd3       data     extern C:\MCC18\v3_39\src\traditional\proc\p18F14K50.asm
                  OSCTUNE   0x000f9b       data     extern C:\MCC18\v3_39\src\traditional\proc\p18F14K50.asm
              OSCTUNEbits   0x000f9b       data     extern C:\MCC18\v3_39\src\traditional\proc\p18F14K50.asm
                       PC   0x000ff9       data     extern C:\MCC18\v3_39\src\traditional\proc\p18F14K50.asm
                      PCL   0x000ff9       data     extern C:\MCC18\v3_39\src\traditional\proc\p18F14K50.asm
                   PCLATH   0x000ffa       data     extern C:\MCC18\v3_39\src\traditional\proc\p18F14K50.asm
                   PCLATU   0x000ffb       data     extern C:\MCC18\v3_39\src\traditional\proc\p18F14K50.asm
                     PIE1   0x000f9d       data     extern C:\MCC18\v3_39\src\traditional\proc\p18F14K50.asm
                 PIE1bits   0x000f9d       data     extern C:\MCC18\v3_39\src\traditional\proc\p18F14K50.asm
                     PIE2   0x000fa0       data     extern C:\MCC18\v3_39\src\traditional\proc\p18F14K50.asm
                 PIE2bits   0x000fa0       data     extern C:\MCC18\v3_39\src\traditional\proc\p18F14K50.asm
                     PIR1   0x000f9e       data     extern C:\MCC18\v3_39\src\traditional\proc\p18F14K50.asm
                 PIR1bits   0x000f9e       data     extern C:\MCC18\v3_39\src\traditional\proc\p18F14K50.asm
                     PIR2   0x000fa1       data     extern C:\MCC18\v3_39\src\traditional\proc\p18F14K50.asm
                 PIR2bits   0x000fa1       data     extern C:\MCC18\v3_39\src\traditional\proc\p18F14K50.asm
                   PLUSW0   0x000feb       data     extern C:\MCC18\v3_39\src\traditional\proc\p18F14K50.asm
                   PLUSW1   0x000fe3       data     extern C:\MCC18\v3_39\src\traditional\proc\p18F14K50.asm
                   PLUSW2   0x000fdb       data     extern C:\MCC18\v3_39\src\traditional\proc\p18F14K50.asm
                    PORTA   0x000f80       data     extern C:\MCC18\v3_39\src\traditional\proc\p18F14K50.asm
                PORTAbits   0x000f80       data     extern C:\MCC18\v3_39\src\traditional\proc\p18F14K50.asm
                    PORTB   0x000f81       data     extern C:\MCC18\v3_39\src\traditional\proc\p18F14K50.asm
                PORTBbits   0x000f81       data     extern C:\MCC18\v3_39\src\traditional\proc\p18F14K50.asm
                    PORTC   0x000f82       data     extern C:\MCC18\v3_39\src\traditional\proc\p18F14K50.asm
                PORTCbits   0x000f82       data     extern C:\MCC18\v3_39\src\traditional\proc\p18F14K50.asm
                 POSTDEC0   0x000fed       data     extern C:\MCC18\v3_39\src\traditional\proc\p18F14K50.asm
                 POSTDEC1   0x000fe5       data     extern C:\MCC18\v3_39\src\traditional\proc\p18F14K50.asm
                 POSTDEC2   0x000fdd       data     extern C:\MCC18\v3_39\src\traditional\proc\p18F14K50.asm
                 POSTINC0   0x000fee       data     extern C:\MCC18\v3_39\src\traditional\proc\p18F14K50.asm
                 POSTINC1   0x000fe6       data     extern C:\MCC18\v3_39\src\traditional\proc\p18F14K50.asm
                 POSTINC2   0x000fde       data     extern C:\MCC18\v3_39\src\traditional\proc\p18F14K50.asm
                      PR2   0x000fcb       data     extern C:\MCC18\v3_39\src\traditional\proc\p18F14K50.asm
                  PREINC0   0x000fec       data     extern C:\MCC18\v3_39\src\traditional\proc\p18F14K50.asm
                  PREINC1   0x000fe4       data     extern C:\MCC18\v3_39\src\traditional\proc\p18F14K50.asm
                  PREINC2   0x000fdc       data     extern C:\MCC18\v3_39\src\traditional\proc\p18F14K50.asm
                     PROD   0x000ff3       data     extern C:\MCC18\v3_39\src\traditional\proc\p18F14K50.asm
                    PRODH   0x000ff4       data     extern C:\MCC18\v3_39\src\traditional\proc\p18F14K50.asm
                    PRODL   0x000ff3       data     extern C:\MCC18\v3_39\src\traditional\proc\p18F14K50.asm
                  PSTRCON   0x000fb9       data     extern C:\MCC18\v3_39\src\traditional\proc\p18F14K50.asm
              PSTRCONbits   0x000fb9       data     extern C:\MCC18\v3_39\src\traditional\proc\p18F14K50.asm
                  PWM1CON   0x000fb7       data     extern C:\MCC18\v3_39\src\traditional\proc\p18F14K50.asm
              PWM1CONbits   0x000fb7       data     extern C:\MCC18\v3_39\src\traditional\proc\p18F14K50.asm
                     RCON   0x000fd0       data     extern C:\MCC18\v3_39\src\traditional\proc\p18F14K50.asm
                 RCONbits   0x000fd0       data     extern C:\MCC18\v3_39\src\traditional\proc\p18F14K50.asm
                    RCREG   0x000fae       data     extern C:\MCC18\v3_39\src\traditional\proc\p18F14K50.asm
                    RCSTA   0x000fab       data     extern C:\MCC18\v3_39\src\traditional\proc\p18F14K50.asm
                RCSTAbits   0x000fab       data     extern C:\MCC18\v3_39\src\traditional\proc\p18F14K50.asm
                  REFCON0   0x000fba       data     extern C:\MCC18\v3_39\src\traditional\proc\p18F14K50.asm
              REFCON0bits   0x000fba       data     extern C:\MCC18\v3_39\src\traditional\proc\p18F14K50.asm
                  REFCON1   0x000fbb       data     extern C:\MCC18\v3_39\src\traditional\proc\p18F14K50.asm
              REFCON1bits   0x000fbb       data     extern C:\MCC18\v3_39\src\traditional\proc\p18F14K50.asm
                  REFCON2   0x000fbc       data     extern C:\MCC18\v3_39\src\traditional\proc\p18F14K50.asm
              REFCON2bits   0x000fbc       data     extern C:\MCC18\v3_39\src\traditional\proc\p18F14K50.asm
                     SIGN   0x000000       data     extern C:\MCC18\v3_39\src\traditional\math\cmath18.asm
                   SLRCON   0x000f76       data     extern C:\MCC18\v3_39\src\traditional\proc\p18F14K50.asm
               SLRCONbits   0x000f76       data     extern C:\MCC18\v3_39\src\traditional\proc\p18F14K50.asm
                    SPBRG   0x000faf       data     extern C:\MCC18\v3_39\src\traditional\proc\p18F14K50.asm
                   SPBRGH   0x000fb0       data     extern C:\MCC18\v3_39\src\traditional\proc\p18F14K50.asm
                   SRCON0   0x000f68       data     extern C:\MCC18\v3_39\src\traditional\proc\p18F14K50.asm
               SRCON0bits   0x000f68       data     extern C:\MCC18\v3_39\src\traditional\proc\p18F14K50.asm
                   SRCON1   0x000f69       data     extern C:\MCC18\v3_39\src\traditional\proc\p18F14K50.asm
               SRCON1bits   0x000f69       data     extern C:\MCC18\v3_39\src\traditional\proc\p18F14K50.asm
                   SSPADD   0x000fc8       data     extern C:\MCC18\v3_39\src\traditional\proc\p18F14K50.asm
                   SSPBUF   0x000fc9       data     extern C:\MCC18\v3_39\src\traditional\proc\p18F14K50.asm
                  SSPCON1   0x000fc6       data     extern C:\MCC18\v3_39\src\traditional\proc\p18F14K50.asm
              SSPCON1bits   0x000fc6       data     extern C:\MCC18\v3_39\src\traditional\proc\p18F14K50.asm
                  SSPCON2   0x000fc5       data     extern C:\MCC18\v3_39\src\traditional\proc\p18F14K50.asm
              SSPCON2bits   0x000fc5       data     extern C:\MCC18\v3_39\src\traditional\proc\p18F14K50.asm
                   SSPMSK   0x000f6f       data     extern C:\MCC18\v3_39\src\traditional\proc\p18F14K50.asm
               SSPMSKbits   0x000f6f       data     extern C:\MCC18\v3_39\src\traditional\proc\p18F14K50.asm
                  SSPSTAT   0x000fc7       data     extern C:\MCC18\v3_39\src\traditional\proc\p18F14K50.asm
              SSPSTATbits   0x000fc7       data     extern C:\MCC18\v3_39\src\traditional\proc\p18F14K50.asm
                   STATUS   0x000fd8       data     extern C:\MCC18\v3_39\src\traditional\proc\p18F14K50.asm
               STATUSbits   0x000fd8       data     extern C:\MCC18\v3_39\src\traditional\proc\p18F14K50.asm
                   STKPTR   0x000ffc       data     extern C:\MCC18\v3_39\src\traditional\proc\p18F14K50.asm
               STKPTRbits   0x000ffc       data     extern C:\MCC18\v3_39\src\traditional\proc\p18F14K50.asm
                    T0CON   0x000fd5       data     extern C:\MCC18\v3_39\src\traditional\proc\p18F14K50.asm
                T0CONbits   0x000fd5       data     extern C:\MCC18\v3_39\src\traditional\proc\p18F14K50.asm
                    T1CON   0x000fcd       data     extern C:\MCC18\v3_39\src\traditional\proc\p18F14K50.asm
                T1CONbits   0x000fcd       data     extern C:\MCC18\v3_39\src\traditional\proc\p18F14K50.asm
                    T2CON   0x000fca       data     extern C:\MCC18\v3_39\src\traditional\proc\p18F14K50.asm
                T2CONbits   0x000fca       data     extern C:\MCC18\v3_39\src\traditional\proc\p18F14K50.asm
                    T3CON   0x000fb1       data     extern C:\MCC18\v3_39\src\traditional\proc\p18F14K50.asm
                T3CONbits   0x000fb1       data     extern C:\MCC18\v3_39\src\traditional\proc\p18F14K50.asm
                   TABLAT   0x000ff5       data     extern C:\MCC18\v3_39\src\traditional\proc\p18F14K50.asm
                   TBLPTR   0x000ff6       data     extern C:\MCC18\v3_39\src\traditional\proc\p18F14K50.asm
                  TBLPTRH   0x000ff7       data     extern C:\MCC18\v3_39\src\traditional\proc\p18F14K50.asm
                  TBLPTRL   0x000ff6       data     extern C:\MCC18\v3_39\src\traditional\proc\p18F14K50.asm
                  TBLPTRU   0x000ff8       data     extern C:\MCC18\v3_39\src\traditional\proc\p18F14K50.asm
                    TMR0H   0x000fd7       data     extern C:\MCC18\v3_39\src\traditional\proc\p18F14K50.asm
                    TMR0L   0x000fd6       data     extern C:\MCC18\v3_39\src\traditional\proc\p18F14K50.asm
                    TMR1H   0x000fcf       data     extern C:\MCC18\v3_39\src\traditional\proc\p18F14K50.asm
                    TMR1L   0x000fce       data     extern C:\MCC18\v3_39\src\traditional\proc\p18F14K50.asm
                     TMR2   0x000fcc       data     extern C:\MCC18\v3_39\src\traditional\proc\p18F14K50.asm
                    TMR3H   0x000fb3       data     extern C:\MCC18\v3_39\src\traditional\proc\p18F14K50.asm
                    TMR3L   0x000fb2       data     extern C:\MCC18\v3_39\src\traditional\proc\p18F14K50.asm
                      TOS   0x000ffd       data     extern C:\MCC18\v3_39\src\traditional\proc\p18F14K50.asm
                     TOSH   0x000ffe       data     extern C:\MCC18\v3_39\src\traditional\proc\p18F14K50.asm
                     TOSL   0x000ffd       data     extern C:\MCC18\v3_39\src\traditional\proc\p18F14K50.asm
                     TOSU   0x000fff       data     extern C:\MCC18\v3_39\src\traditional\proc\p18F14K50.asm
                    TRISA   0x000f92       data     extern C:\MCC18\v3_39\src\traditional\proc\p18F14K50.asm
                TRISAbits   0x000f92       data     extern C:\MCC18\v3_39\src\traditional\proc\p18F14K50.asm
                    TRISB   0x000f93       data     extern C:\MCC18\v3_39\src\traditional\proc\p18F14K50.asm
                TRISBbits   0x000f93       data     extern C:\MCC18\v3_39\src\traditional\proc\p18F14K50.asm
                    TRISC   0x000f94       data     extern C:\MCC18\v3_39\src\traditional\proc\p18F14K50.asm
                TRISCbits   0x000f94       data     extern C:\MCC18\v3_39\src\traditional\proc\p18F14K50.asm
                    TXREG   0x000fad       data     extern C:\MCC18\v3_39\src\traditional\proc\p18F14K50.asm
                    TXSTA   0x000fac       data     extern C:\MCC18\v3_39\src\traditional\proc\p18F14K50.asm
                TXSTAbits   0x000fac       data     extern C:\MCC18\v3_39\src\traditional\proc\p18F14K50.asm
                    UADDR   0x000f5c       data     extern C:\MCC18\v3_39\src\traditional\proc\p18F14K50.asm
                UADDRbits   0x000f5c       data     extern C:\MCC18\v3_39\src\traditional\proc\p18F14K50.asm
                     UCFG   0x000f61       data     extern C:\MCC18\v3_39\src\traditional\proc\p18F14K50.asm
                 UCFGbits   0x000f61       data     extern C:\MCC18\v3_39\src\traditional\proc\p18F14K50.asm
                     UCON   0x000f64       data     extern C:\MCC18\v3_39\src\traditional\proc\p18F14K50.asm
                 UCONbits   0x000f64       data     extern C:\MCC18\v3_39\src\traditional\proc\p18F14K50.asm
                     UEIE   0x000f5b       data     extern C:\MCC18\v3_39\src\traditional\proc\p18F14K50.asm
                 UEIEbits   0x000f5b       data     extern C:\MCC18\v3_39\src\traditional\proc\p18F14K50.asm
                     UEIR   0x000f5f       data     extern C:\MCC18\v3_39\src\traditional\proc\p18F14K50.asm
                 UEIRbits   0x000f5f       data     extern C:\MCC18\v3_39\src\traditional\proc\p18F14K50.asm
                     UEP0   0x000f53       data     extern C:\MCC18\v3_39\src\traditional\proc\p18F14K50.asm
                 UEP0bits   0x000f53       data     extern C:\MCC18\v3_39\src\traditional\proc\p18F14K50.asm
                     UEP1   0x000f54       data     extern C:\MCC18\v3_39\src\traditional\proc\p18F14K50.asm
                 UEP1bits   0x000f54       data     extern C:\MCC18\v3_39\src\traditional\proc\p18F14K50.asm
                     UEP2   0x000f55       data     extern C:\MCC18\v3_39\src\traditional\proc\p18F14K50.asm
                 UEP2bits   0x000f55       data     extern C:\MCC18\v3_39\src\traditional\proc\p18F14K50.asm
                     UEP3   0x000f56       data     extern C:\MCC18\v3_39\src\traditional\proc\p18F14K50.asm
                 UEP3bits   0x000f56       data     extern C:\MCC18\v3_39\src\traditional\proc\p18F14K50.asm
                     UEP4   0x000f57       data     extern C:\MCC18\v3_39\src\traditional\proc\p18F14K50.asm
                 UEP4bits   0x000f57       data     extern C:\MCC18\v3_39\src\traditional\proc\p18F14K50.asm
                     UEP5   0x000f58       data     extern C:\MCC18\v3_39\src\traditional\proc\p18F14K50.asm
                 UEP5bits   0x000f58       data     extern C:\MCC18\v3_39\src\traditional\proc\p18F14K50.asm
                     UEP6   0x000f59       data     extern C:\MCC18\v3_39\src\traditional\proc\p18F14K50.asm
                 UEP6bits   0x000f59       data     extern C:\MCC18\v3_39\src\traditional\proc\p18F14K50.asm
                     UEP7   0x000f5a       data     extern C:\MCC18\v3_39\src\traditional\proc\p18F14K50.asm
                 UEP7bits   0x000f5a       data     extern C:\MCC18\v3_39\src\traditional\proc\p18F14K50.asm
                    UFRMH   0x000f5e       data     extern C:\MCC18\v3_39\src\traditional\proc\p18F14K50.asm
                UFRMHbits   0x000f5e       data     extern C:\MCC18\v3_39\src\traditional\proc\p18F14K50.asm
                    UFRML   0x000f5d       data     extern C:\MCC18\v3_39\src\traditional\proc\p18F14K50.asm
                UFRMLbits   0x000f5d       data     extern C:\MCC18\v3_39\src\traditional\proc\p18F14K50.asm
                      UIE   0x000f60       data     extern C:\MCC18\v3_39\src\traditional\proc\p18F14K50.asm
                  UIEbits   0x000f60       data     extern C:\MCC18\v3_39\src\traditional\proc\p18F14K50.asm
                      UIR   0x000f62       data     extern C:\MCC18\v3_39\src\traditional\proc\p18F14K50.asm
                  UIRbits   0x000f62       data     extern C:\MCC18\v3_39\src\traditional\proc\p18F14K50.asm
                    USTAT   0x000f63       data     extern C:\MCC18\v3_39\src\traditional\proc\p18F14K50.asm
                USTATbits   0x000f63       data     extern C:\MCC18\v3_39\src\traditional\proc\p18F14K50.asm
                 VREFCON0   0x000fba       data     extern C:\MCC18\v3_39\src\traditional\proc\p18F14K50.asm
             VREFCON0bits   0x000fba       data     extern C:\MCC18\v3_39\src\traditional\proc\p18F14K50.asm
                 VREFCON1   0x000fbb       data     extern C:\MCC18\v3_39\src\traditional\proc\p18F14K50.asm
             VREFCON1bits   0x000fbb       data     extern C:\MCC18\v3_39\src\traditional\proc\p18F14K50.asm
                 VREFCON2   0x000fbc       data     extern C:\MCC18\v3_39\src\traditional\proc\p18F14K50.asm
             VREFCON2bits   0x000fbc       data     extern C:\MCC18\v3_39\src\traditional\proc\p18F14K50.asm
                        W   0x000fe8       data     extern C:\MCC18\v3_39\src\traditional\proc\p18F14K50.asm
                   WDTCON   0x000fd1       data     extern C:\MCC18\v3_39\src\traditional\proc\p18F14K50.asm
               WDTCONbits   0x000fd1       data     extern C:\MCC18\v3_39\src\traditional\proc\p18F14K50.asm
                     WPUA   0x000f77       data     extern C:\MCC18\v3_39\src\traditional\proc\p18F14K50.asm
                 WPUAbits   0x000f77       data     extern C:\MCC18\v3_39\src\traditional\proc\p18F14K50.asm
                     WPUB   0x000f78       data     extern C:\MCC18\v3_39\src\traditional\proc\p18F14K50.asm
                 WPUBbits   0x000f78       data     extern C:\MCC18\v3_39\src\traditional\proc\p18F14K50.asm
                     WREG   0x000fe8       data     extern C:\MCC18\v3_39\src\traditional\proc\p18F14K50.asm
                __FPFLAGS   0x000001       data     extern C:\MCC18\v3_39\src\traditional\math\cmath18.asm
            __FPFLAGSbits   0x000001       data     extern C:\MCC18\v3_39\src\traditional\math\cmath18.asm
                curr_byte   0x000063       data     static C:\MCC18\v3_39\src\traditional\startup\c018i.c
               curr_entry   0x000065       data     static C:\MCC18\v3_39\src\traditional\startup\c018i.c
                 data_ptr   0x000067       data     static C:\MCC18\v3_39\src\traditional\startup\c018i.c
                     prom   0x000060       data     static C:\MCC18\v3_39\src\traditional\startup\c018i.c



                              Symbols - Sorted by Address
                     Name    Address   Location    Storage File                     
                ---------  ---------  ---------  --------- ---------                
                   _entry   0x000000    program     extern C:\MCC18\v3_39\src\traditional\startup\c018i.c
       ___return_lbl00000   0x000004    program     static                          
                   _reset   0x001000    program     extern C:\Users\jtautic.CORP\Documents\PIC18F14K50-LED-Flash\main.c
       ___return_lbl00000   0x001004    program     static                          
                _do_cinit   0x001008    program     extern C:\MCC18\v3_39\src\traditional\startup\c018i.c
                     test   0x001022    program     static                          
                copy_loop   0x00107a    program     static                          
            copy_one_byte   0x001080    program     static                          
             done_copying   0x00108e    program     static                          
                     done   0x0010a4    program     static                          
       ___return_lbl00002   0x0010a4    program     static                          
             Delay10KTCYx   0x0010a6    program     extern C:\MCC18\v3_39\src\traditional\delays\d10ktcyx.asm
                    D10Kx   0x0010b0    program     static C:\MCC18\v3_39\src\traditional\delays\d10ktcyx.asm
                   D10K_1   0x0010b2    program     static C:\MCC18\v3_39\src\traditional\delays\d10ktcyx.asm
       _D10KTCYXCODE_0010   0x0010b6    program     static C:\MCC18\v3_39\src\traditional\delays\d10ktcyx.asm
                    D10Kl   0x0010be    program     static C:\MCC18\v3_39\src\traditional\delays\d10ktcyx.asm
       _D10KTCYXCODE_001C   0x0010c2    program     static C:\MCC18\v3_39\src\traditional\delays\d10ktcyx.asm
            __zero_memory   0x0010d4    program     extern C:\MCC18\v3_39\src\traditional\proc\p18F14K50.asm
                   loop_h   0x0010e2    program     static C:\MCC18\v3_39\src\traditional\proc\p18F14K50.asm
               zero_block   0x0010e2    program     static C:\MCC18\v3_39\src\traditional\proc\p18F14K50.asm
                compare_l   0x0010ea    program     static C:\MCC18\v3_39\src\traditional\proc\p18F14K50.asm
                   loop_l   0x0010ec    program     static C:\MCC18\v3_39\src\traditional\proc\p18F14K50.asm
                 _startup   0x0010f4    program     extern C:\MCC18\v3_39\src\traditional\startup\c018i.c
                     loop   0x001104    program     static                          
       ___return_lbl00001   0x00110e    program     static                          
                     main   0x001110    program     extern C:\Users\jtautic.CORP\Documents\PIC18F14K50-LED-Flash\main.c
                   __init   0x00112a    program     extern C:\MCC18\v3_39\src\traditional\stdclib\__init.c
                     SIGN   0x000000       data     extern C:\MCC18\v3_39\src\traditional\math\cmath18.asm
                __FPFLAGS   0x000001       data     extern C:\MCC18\v3_39\src\traditional\math\cmath18.asm
            __FPFLAGSbits   0x000001       data     extern C:\MCC18\v3_39\src\traditional\math\cmath18.asm
            DelayCounter2   0x000002       data     extern C:\MCC18\v3_39\src\traditional\delays\delayd2.asm
            DelayCounter1   0x000003       data     extern C:\MCC18\v3_39\src\traditional\delays\delayd1.asm
                     prom   0x000060       data     static C:\MCC18\v3_39\src\traditional\startup\c018i.c
                curr_byte   0x000063       data     static C:\MCC18\v3_39\src\traditional\startup\c018i.c
               curr_entry   0x000065       data     static C:\MCC18\v3_39\src\traditional\startup\c018i.c
                 data_ptr   0x000067       data     static C:\MCC18\v3_39\src\traditional\startup\c018i.c
                 UEP0bits   0x000f53       data     extern C:\MCC18\v3_39\src\traditional\proc\p18F14K50.asm
                     UEP0   0x000f53       data     extern C:\MCC18\v3_39\src\traditional\proc\p18F14K50.asm
                 UEP1bits   0x000f54       data     extern C:\MCC18\v3_39\src\traditional\proc\p18F14K50.asm
                     UEP1   0x000f54       data     extern C:\MCC18\v3_39\src\traditional\proc\p18F14K50.asm
                 UEP2bits   0x000f55       data     extern C:\MCC18\v3_39\src\traditional\proc\p18F14K50.asm
                     UEP2   0x000f55       data     extern C:\MCC18\v3_39\src\traditional\proc\p18F14K50.asm
                     UEP3   0x000f56       data     extern C:\MCC18\v3_39\src\traditional\proc\p18F14K50.asm
                 UEP3bits   0x000f56       data     extern C:\MCC18\v3_39\src\traditional\proc\p18F14K50.asm
                     UEP4   0x000f57       data     extern C:\MCC18\v3_39\src\traditional\proc\p18F14K50.asm
                 UEP4bits   0x000f57       data     extern C:\MCC18\v3_39\src\traditional\proc\p18F14K50.asm
                     UEP5   0x000f58       data     extern C:\MCC18\v3_39\src\traditional\proc\p18F14K50.asm
                 UEP5bits   0x000f58       data     extern C:\MCC18\v3_39\src\traditional\proc\p18F14K50.asm
                     UEP6   0x000f59       data     extern C:\MCC18\v3_39\src\traditional\proc\p18F14K50.asm
                 UEP6bits   0x000f59       data     extern C:\MCC18\v3_39\src\traditional\proc\p18F14K50.asm
                     UEP7   0x000f5a       data     extern C:\MCC18\v3_39\src\traditional\proc\p18F14K50.asm
                 UEP7bits   0x000f5a       data     extern C:\MCC18\v3_39\src\traditional\proc\p18F14K50.asm
                 UEIEbits   0x000f5b       data     extern C:\MCC18\v3_39\src\traditional\proc\p18F14K50.asm
                     UEIE   0x000f5b       data     extern C:\MCC18\v3_39\src\traditional\proc\p18F14K50.asm
                    UADDR   0x000f5c       data     extern C:\MCC18\v3_39\src\traditional\proc\p18F14K50.asm
                UADDRbits   0x000f5c       data     extern C:\MCC18\v3_39\src\traditional\proc\p18F14K50.asm
                UFRMLbits   0x000f5d       data     extern C:\MCC18\v3_39\src\traditional\proc\p18F14K50.asm
                    UFRML   0x000f5d       data     extern C:\MCC18\v3_39\src\traditional\proc\p18F14K50.asm
                    UFRMH   0x000f5e       data     extern C:\MCC18\v3_39\src\traditional\proc\p18F14K50.asm
                UFRMHbits   0x000f5e       data     extern C:\MCC18\v3_39\src\traditional\proc\p18F14K50.asm
                     UEIR   0x000f5f       data     extern C:\MCC18\v3_39\src\traditional\proc\p18F14K50.asm
                 UEIRbits   0x000f5f       data     extern C:\MCC18\v3_39\src\traditional\proc\p18F14K50.asm
                      UIE   0x000f60       data     extern C:\MCC18\v3_39\src\traditional\proc\p18F14K50.asm
                  UIEbits   0x000f60       data     extern C:\MCC18\v3_39\src\traditional\proc\p18F14K50.asm
                 UCFGbits   0x000f61       data     extern C:\MCC18\v3_39\src\traditional\proc\p18F14K50.asm
                     UCFG   0x000f61       data     extern C:\MCC18\v3_39\src\traditional\proc\p18F14K50.asm
                      UIR   0x000f62       data     extern C:\MCC18\v3_39\src\traditional\proc\p18F14K50.asm
                  UIRbits   0x000f62       data     extern C:\MCC18\v3_39\src\traditional\proc\p18F14K50.asm
                    USTAT   0x000f63       data     extern C:\MCC18\v3_39\src\traditional\proc\p18F14K50.asm
                USTATbits   0x000f63       data     extern C:\MCC18\v3_39\src\traditional\proc\p18F14K50.asm
                     UCON   0x000f64       data     extern C:\MCC18\v3_39\src\traditional\proc\p18F14K50.asm
                 UCONbits   0x000f64       data     extern C:\MCC18\v3_39\src\traditional\proc\p18F14K50.asm
                   SRCON0   0x000f68       data     extern C:\MCC18\v3_39\src\traditional\proc\p18F14K50.asm
               SRCON0bits   0x000f68       data     extern C:\MCC18\v3_39\src\traditional\proc\p18F14K50.asm
                   SRCON1   0x000f69       data     extern C:\MCC18\v3_39\src\traditional\proc\p18F14K50.asm
               SRCON1bits   0x000f69       data     extern C:\MCC18\v3_39\src\traditional\proc\p18F14K50.asm
              CM2CON0bits   0x000f6b       data     extern C:\MCC18\v3_39\src\traditional\proc\p18F14K50.asm
                  CM2CON0   0x000f6b       data     extern C:\MCC18\v3_39\src\traditional\proc\p18F14K50.asm
              CM2CON1bits   0x000f6c       data     extern C:\MCC18\v3_39\src\traditional\proc\p18F14K50.asm
                  CM2CON1   0x000f6c       data     extern C:\MCC18\v3_39\src\traditional\proc\p18F14K50.asm
              CM1CON0bits   0x000f6d       data     extern C:\MCC18\v3_39\src\traditional\proc\p18F14K50.asm
                  CM1CON0   0x000f6d       data     extern C:\MCC18\v3_39\src\traditional\proc\p18F14K50.asm
               SSPMSKbits   0x000f6f       data     extern C:\MCC18\v3_39\src\traditional\proc\p18F14K50.asm
                   SSPMSK   0x000f6f       data     extern C:\MCC18\v3_39\src\traditional\proc\p18F14K50.asm
                   SLRCON   0x000f76       data     extern C:\MCC18\v3_39\src\traditional\proc\p18F14K50.asm
               SLRCONbits   0x000f76       data     extern C:\MCC18\v3_39\src\traditional\proc\p18F14K50.asm
                     WPUA   0x000f77       data     extern C:\MCC18\v3_39\src\traditional\proc\p18F14K50.asm
                 WPUAbits   0x000f77       data     extern C:\MCC18\v3_39\src\traditional\proc\p18F14K50.asm
                 WPUBbits   0x000f78       data     extern C:\MCC18\v3_39\src\traditional\proc\p18F14K50.asm
                     WPUB   0x000f78       data     extern C:\MCC18\v3_39\src\traditional\proc\p18F14K50.asm
                     IOCA   0x000f79       data     extern C:\MCC18\v3_39\src\traditional\proc\p18F14K50.asm
                 IOCAbits   0x000f79       data     extern C:\MCC18\v3_39\src\traditional\proc\p18F14K50.asm
                     IOCB   0x000f7a       data     extern C:\MCC18\v3_39\src\traditional\proc\p18F14K50.asm
                 IOCBbits   0x000f7a       data     extern C:\MCC18\v3_39\src\traditional\proc\p18F14K50.asm
                    ANSEL   0x000f7e       data     extern C:\MCC18\v3_39\src\traditional\proc\p18F14K50.asm
                ANSELbits   0x000f7e       data     extern C:\MCC18\v3_39\src\traditional\proc\p18F14K50.asm
                   ANSELH   0x000f7f       data     extern C:\MCC18\v3_39\src\traditional\proc\p18F14K50.asm
               ANSELHbits   0x000f7f       data     extern C:\MCC18\v3_39\src\traditional\proc\p18F14K50.asm
                    PORTA   0x000f80       data     extern C:\MCC18\v3_39\src\traditional\proc\p18F14K50.asm
                PORTAbits   0x000f80       data     extern C:\MCC18\v3_39\src\traditional\proc\p18F14K50.asm
                PORTBbits   0x000f81       data     extern C:\MCC18\v3_39\src\traditional\proc\p18F14K50.asm
                    PORTB   0x000f81       data     extern C:\MCC18\v3_39\src\traditional\proc\p18F14K50.asm
                PORTCbits   0x000f82       data     extern C:\MCC18\v3_39\src\traditional\proc\p18F14K50.asm
                    PORTC   0x000f82       data     extern C:\MCC18\v3_39\src\traditional\proc\p18F14K50.asm
                     LATA   0x000f89       data     extern C:\MCC18\v3_39\src\traditional\proc\p18F14K50.asm
                 LATAbits   0x000f89       data     extern C:\MCC18\v3_39\src\traditional\proc\p18F14K50.asm
                 LATBbits   0x000f8a       data     extern C:\MCC18\v3_39\src\traditional\proc\p18F14K50.asm
                     LATB   0x000f8a       data     extern C:\MCC18\v3_39\src\traditional\proc\p18F14K50.asm
                 LATCbits   0x000f8b       data     extern C:\MCC18\v3_39\src\traditional\proc\p18F14K50.asm
                     LATC   0x000f8b       data     extern C:\MCC18\v3_39\src\traditional\proc\p18F14K50.asm
                 DDRAbits   0x000f92       data     extern C:\MCC18\v3_39\src\traditional\proc\p18F14K50.asm
                     DDRA   0x000f92       data     extern C:\MCC18\v3_39\src\traditional\proc\p18F14K50.asm
                    TRISA   0x000f92       data     extern C:\MCC18\v3_39\src\traditional\proc\p18F14K50.asm
                TRISAbits   0x000f92       data     extern C:\MCC18\v3_39\src\traditional\proc\p18F14K50.asm
                     DDRB   0x000f93       data     extern C:\MCC18\v3_39\src\traditional\proc\p18F14K50.asm
                 DDRBbits   0x000f93       data     extern C:\MCC18\v3_39\src\traditional\proc\p18F14K50.asm
                    TRISB   0x000f93       data     extern C:\MCC18\v3_39\src\traditional\proc\p18F14K50.asm
                TRISBbits   0x000f93       data     extern C:\MCC18\v3_39\src\traditional\proc\p18F14K50.asm
                TRISCbits   0x000f94       data     extern C:\MCC18\v3_39\src\traditional\proc\p18F14K50.asm
                    TRISC   0x000f94       data     extern C:\MCC18\v3_39\src\traditional\proc\p18F14K50.asm
                 DDRCbits   0x000f94       data     extern C:\MCC18\v3_39\src\traditional\proc\p18F14K50.asm
                     DDRC   0x000f94       data     extern C:\MCC18\v3_39\src\traditional\proc\p18F14K50.asm
              OSCTUNEbits   0x000f9b       data     extern C:\MCC18\v3_39\src\traditional\proc\p18F14K50.asm
                  OSCTUNE   0x000f9b       data     extern C:\MCC18\v3_39\src\traditional\proc\p18F14K50.asm
                 PIE1bits   0x000f9d       data     extern C:\MCC18\v3_39\src\traditional\proc\p18F14K50.asm
                     PIE1   0x000f9d       data     extern C:\MCC18\v3_39\src\traditional\proc\p18F14K50.asm
                 PIR1bits   0x000f9e       data     extern C:\MCC18\v3_39\src\traditional\proc\p18F14K50.asm
                     PIR1   0x000f9e       data     extern C:\MCC18\v3_39\src\traditional\proc\p18F14K50.asm
                 IPR1bits   0x000f9f       data     extern C:\MCC18\v3_39\src\traditional\proc\p18F14K50.asm
                     IPR1   0x000f9f       data     extern C:\MCC18\v3_39\src\traditional\proc\p18F14K50.asm
                 PIE2bits   0x000fa0       data     extern C:\MCC18\v3_39\src\traditional\proc\p18F14K50.asm
                     PIE2   0x000fa0       data     extern C:\MCC18\v3_39\src\traditional\proc\p18F14K50.asm
                 PIR2bits   0x000fa1       data     extern C:\MCC18\v3_39\src\traditional\proc\p18F14K50.asm
                     PIR2   0x000fa1       data     extern C:\MCC18\v3_39\src\traditional\proc\p18F14K50.asm
                     IPR2   0x000fa2       data     extern C:\MCC18\v3_39\src\traditional\proc\p18F14K50.asm
                 IPR2bits   0x000fa2       data     extern C:\MCC18\v3_39\src\traditional\proc\p18F14K50.asm
               EECON1bits   0x000fa6       data     extern C:\MCC18\v3_39\src\traditional\proc\p18F14K50.asm
                   EECON1   0x000fa6       data     extern C:\MCC18\v3_39\src\traditional\proc\p18F14K50.asm
                   EECON2   0x000fa7       data     extern C:\MCC18\v3_39\src\traditional\proc\p18F14K50.asm
                   EEDATA   0x000fa8       data     extern C:\MCC18\v3_39\src\traditional\proc\p18F14K50.asm
                EEADRbits   0x000fa9       data     extern C:\MCC18\v3_39\src\traditional\proc\p18F14K50.asm
                    EEADR   0x000fa9       data     extern C:\MCC18\v3_39\src\traditional\proc\p18F14K50.asm
                RCSTAbits   0x000fab       data     extern C:\MCC18\v3_39\src\traditional\proc\p18F14K50.asm
                    RCSTA   0x000fab       data     extern C:\MCC18\v3_39\src\traditional\proc\p18F14K50.asm
                    TXSTA   0x000fac       data     extern C:\MCC18\v3_39\src\traditional\proc\p18F14K50.asm
                TXSTAbits   0x000fac       data     extern C:\MCC18\v3_39\src\traditional\proc\p18F14K50.asm
                    TXREG   0x000fad       data     extern C:\MCC18\v3_39\src\traditional\proc\p18F14K50.asm
                    RCREG   0x000fae       data     extern C:\MCC18\v3_39\src\traditional\proc\p18F14K50.asm
                    SPBRG   0x000faf       data     extern C:\MCC18\v3_39\src\traditional\proc\p18F14K50.asm
                   SPBRGH   0x000fb0       data     extern C:\MCC18\v3_39\src\traditional\proc\p18F14K50.asm
                    T3CON   0x000fb1       data     extern C:\MCC18\v3_39\src\traditional\proc\p18F14K50.asm
                T3CONbits   0x000fb1       data     extern C:\MCC18\v3_39\src\traditional\proc\p18F14K50.asm
                    TMR3L   0x000fb2       data     extern C:\MCC18\v3_39\src\traditional\proc\p18F14K50.asm
                    TMR3H   0x000fb3       data     extern C:\MCC18\v3_39\src\traditional\proc\p18F14K50.asm
                  ECCP1AS   0x000fb6       data     extern C:\MCC18\v3_39\src\traditional\proc\p18F14K50.asm
              ECCP1ASbits   0x000fb6       data     extern C:\MCC18\v3_39\src\traditional\proc\p18F14K50.asm
              PWM1CONbits   0x000fb7       data     extern C:\MCC18\v3_39\src\traditional\proc\p18F14K50.asm
                  PWM1CON   0x000fb7       data     extern C:\MCC18\v3_39\src\traditional\proc\p18F14K50.asm
                  BAUDCON   0x000fb8       data     extern C:\MCC18\v3_39\src\traditional\proc\p18F14K50.asm
              BAUDCONbits   0x000fb8       data     extern C:\MCC18\v3_39\src\traditional\proc\p18F14K50.asm
                  BAUDCTL   0x000fb8       data     extern C:\MCC18\v3_39\src\traditional\proc\p18F14K50.asm
              BAUDCTLbits   0x000fb8       data     extern C:\MCC18\v3_39\src\traditional\proc\p18F14K50.asm
                  PSTRCON   0x000fb9       data     extern C:\MCC18\v3_39\src\traditional\proc\p18F14K50.asm
              PSTRCONbits   0x000fb9       data     extern C:\MCC18\v3_39\src\traditional\proc\p18F14K50.asm
                 VREFCON0   0x000fba       data     extern C:\MCC18\v3_39\src\traditional\proc\p18F14K50.asm
             VREFCON0bits   0x000fba       data     extern C:\MCC18\v3_39\src\traditional\proc\p18F14K50.asm
                  REFCON0   0x000fba       data     extern C:\MCC18\v3_39\src\traditional\proc\p18F14K50.asm
              REFCON0bits   0x000fba       data     extern C:\MCC18\v3_39\src\traditional\proc\p18F14K50.asm
                 VREFCON1   0x000fbb       data     extern C:\MCC18\v3_39\src\traditional\proc\p18F14K50.asm
             VREFCON1bits   0x000fbb       data     extern C:\MCC18\v3_39\src\traditional\proc\p18F14K50.asm
                  REFCON1   0x000fbb       data     extern C:\MCC18\v3_39\src\traditional\proc\p18F14K50.asm
              REFCON1bits   0x000fbb       data     extern C:\MCC18\v3_39\src\traditional\proc\p18F14K50.asm
              REFCON2bits   0x000fbc       data     extern C:\MCC18\v3_39\src\traditional\proc\p18F14K50.asm
                  REFCON2   0x000fbc       data     extern C:\MCC18\v3_39\src\traditional\proc\p18F14K50.asm
             VREFCON2bits   0x000fbc       data     extern C:\MCC18\v3_39\src\traditional\proc\p18F14K50.asm
                 VREFCON2   0x000fbc       data     extern C:\MCC18\v3_39\src\traditional\proc\p18F14K50.asm
              CCP1CONbits   0x000fbd       data     extern C:\MCC18\v3_39\src\traditional\proc\p18F14K50.asm
                  CCP1CON   0x000fbd       data     extern C:\MCC18\v3_39\src\traditional\proc\p18F14K50.asm
                    CCPR1   0x000fbe       data     extern C:\MCC18\v3_39\src\traditional\proc\p18F14K50.asm
                   CCPR1L   0x000fbe       data     extern C:\MCC18\v3_39\src\traditional\proc\p18F14K50.asm
                   CCPR1H   0x000fbf       data     extern C:\MCC18\v3_39\src\traditional\proc\p18F14K50.asm
                   ADCON2   0x000fc0       data     extern C:\MCC18\v3_39\src\traditional\proc\p18F14K50.asm
               ADCON2bits   0x000fc0       data     extern C:\MCC18\v3_39\src\traditional\proc\p18F14K50.asm
               ADCON1bits   0x000fc1       data     extern C:\MCC18\v3_39\src\traditional\proc\p18F14K50.asm
                   ADCON1   0x000fc1       data     extern C:\MCC18\v3_39\src\traditional\proc\p18F14K50.asm
                   ADCON0   0x000fc2       data     extern C:\MCC18\v3_39\src\traditional\proc\p18F14K50.asm
               ADCON0bits   0x000fc2       data     extern C:\MCC18\v3_39\src\traditional\proc\p18F14K50.asm
                    ADRES   0x000fc3       data     extern C:\MCC18\v3_39\src\traditional\proc\p18F14K50.asm
                   ADRESL   0x000fc3       data     extern C:\MCC18\v3_39\src\traditional\proc\p18F14K50.asm
                   ADRESH   0x000fc4       data     extern C:\MCC18\v3_39\src\traditional\proc\p18F14K50.asm
              SSPCON2bits   0x000fc5       data     extern C:\MCC18\v3_39\src\traditional\proc\p18F14K50.asm
                  SSPCON2   0x000fc5       data     extern C:\MCC18\v3_39\src\traditional\proc\p18F14K50.asm
              SSPCON1bits   0x000fc6       data     extern C:\MCC18\v3_39\src\traditional\proc\p18F14K50.asm
                  SSPCON1   0x000fc6       data     extern C:\MCC18\v3_39\src\traditional\proc\p18F14K50.asm
              SSPSTATbits   0x000fc7       data     extern C:\MCC18\v3_39\src\traditional\proc\p18F14K50.asm
                  SSPSTAT   0x000fc7       data     extern C:\MCC18\v3_39\src\traditional\proc\p18F14K50.asm
                   SSPADD   0x000fc8       data     extern C:\MCC18\v3_39\src\traditional\proc\p18F14K50.asm
                   SSPBUF   0x000fc9       data     extern C:\MCC18\v3_39\src\traditional\proc\p18F14K50.asm
                T2CONbits   0x000fca       data     extern C:\MCC18\v3_39\src\traditional\proc\p18F14K50.asm
                    T2CON   0x000fca       data     extern C:\MCC18\v3_39\src\traditional\proc\p18F14K50.asm
                      PR2   0x000fcb       data     extern C:\MCC18\v3_39\src\traditional\proc\p18F14K50.asm
                     TMR2   0x000fcc       data     extern C:\MCC18\v3_39\src\traditional\proc\p18F14K50.asm
                T1CONbits   0x000fcd       data     extern C:\MCC18\v3_39\src\traditional\proc\p18F14K50.asm
                    T1CON   0x000fcd       data     extern C:\MCC18\v3_39\src\traditional\proc\p18F14K50.asm
                    TMR1L   0x000fce       data     extern C:\MCC18\v3_39\src\traditional\proc\p18F14K50.asm
                    TMR1H   0x000fcf       data     extern C:\MCC18\v3_39\src\traditional\proc\p18F14K50.asm
                     RCON   0x000fd0       data     extern C:\MCC18\v3_39\src\traditional\proc\p18F14K50.asm
                 RCONbits   0x000fd0       data     extern C:\MCC18\v3_39\src\traditional\proc\p18F14K50.asm
               WDTCONbits   0x000fd1       data     extern C:\MCC18\v3_39\src\traditional\proc\p18F14K50.asm
                   WDTCON   0x000fd1       data     extern C:\MCC18\v3_39\src\traditional\proc\p18F14K50.asm
              OSCCON2bits   0x000fd2       data     extern C:\MCC18\v3_39\src\traditional\proc\p18F14K50.asm
                  OSCCON2   0x000fd2       data     extern C:\MCC18\v3_39\src\traditional\proc\p18F14K50.asm
               OSCCONbits   0x000fd3       data     extern C:\MCC18\v3_39\src\traditional\proc\p18F14K50.asm
                   OSCCON   0x000fd3       data     extern C:\MCC18\v3_39\src\traditional\proc\p18F14K50.asm
                T0CONbits   0x000fd5       data     extern C:\MCC18\v3_39\src\traditional\proc\p18F14K50.asm
                    T0CON   0x000fd5       data     extern C:\MCC18\v3_39\src\traditional\proc\p18F14K50.asm
                    TMR0L   0x000fd6       data     extern C:\MCC18\v3_39\src\traditional\proc\p18F14K50.asm
                    TMR0H   0x000fd7       data     extern C:\MCC18\v3_39\src\traditional\proc\p18F14K50.asm
                   STATUS   0x000fd8       data     extern C:\MCC18\v3_39\src\traditional\proc\p18F14K50.asm
               STATUSbits   0x000fd8       data     extern C:\MCC18\v3_39\src\traditional\proc\p18F14K50.asm
                    FSR2L   0x000fd9       data     extern C:\MCC18\v3_39\src\traditional\proc\p18F14K50.asm
                     FSR2   0x000fd9       data     extern C:\MCC18\v3_39\src\traditional\proc\p18F14K50.asm
                    FSR2H   0x000fda       data     extern C:\MCC18\v3_39\src\traditional\proc\p18F14K50.asm
                   PLUSW2   0x000fdb       data     extern C:\MCC18\v3_39\src\traditional\proc\p18F14K50.asm
                  PREINC2   0x000fdc       data     extern C:\MCC18\v3_39\src\traditional\proc\p18F14K50.asm
                 POSTDEC2   0x000fdd       data     extern C:\MCC18\v3_39\src\traditional\proc\p18F14K50.asm
                 POSTINC2   0x000fde       data     extern C:\MCC18\v3_39\src\traditional\proc\p18F14K50.asm
                    INDF2   0x000fdf       data     extern C:\MCC18\v3_39\src\traditional\proc\p18F14K50.asm
                      BSR   0x000fe0       data     extern C:\MCC18\v3_39\src\traditional\proc\p18F14K50.asm
                     FSR1   0x000fe1       data     extern C:\MCC18\v3_39\src\traditional\proc\p18F14K50.asm
                    FSR1L   0x000fe1       data     extern C:\MCC18\v3_39\src\traditional\proc\p18F14K50.asm
                    FSR1H   0x000fe2       data     extern C:\MCC18\v3_39\src\traditional\proc\p18F14K50.asm
                   PLUSW1   0x000fe3       data     extern C:\MCC18\v3_39\src\traditional\proc\p18F14K50.asm
                  PREINC1   0x000fe4       data     extern C:\MCC18\v3_39\src\traditional\proc\p18F14K50.asm
                 POSTDEC1   0x000fe5       data     extern C:\MCC18\v3_39\src\traditional\proc\p18F14K50.asm
                 POSTINC1   0x000fe6       data     extern C:\MCC18\v3_39\src\traditional\proc\p18F14K50.asm
                    INDF1   0x000fe7       data     extern C:\MCC18\v3_39\src\traditional\proc\p18F14K50.asm
                     WREG   0x000fe8       data     extern C:\MCC18\v3_39\src\traditional\proc\p18F14K50.asm
                        W   0x000fe8       data     extern C:\MCC18\v3_39\src\traditional\proc\p18F14K50.asm
                     FSR0   0x000fe9       data     extern C:\MCC18\v3_39\src\traditional\proc\p18F14K50.asm
                    FSR0L   0x000fe9       data     extern C:\MCC18\v3_39\src\traditional\proc\p18F14K50.asm
                    FSR0H   0x000fea       data     extern C:\MCC18\v3_39\src\traditional\proc\p18F14K50.asm
                   PLUSW0   0x000feb       data     extern C:\MCC18\v3_39\src\traditional\proc\p18F14K50.asm
                  PREINC0   0x000fec       data     extern C:\MCC18\v3_39\src\traditional\proc\p18F14K50.asm
                 POSTDEC0   0x000fed       data     extern C:\MCC18\v3_39\src\traditional\proc\p18F14K50.asm
                 POSTINC0   0x000fee       data     extern C:\MCC18\v3_39\src\traditional\proc\p18F14K50.asm
                    INDF0   0x000fef       data     extern C:\MCC18\v3_39\src\traditional\proc\p18F14K50.asm
              INTCON3bits   0x000ff0       data     extern C:\MCC18\v3_39\src\traditional\proc\p18F14K50.asm
                  INTCON3   0x000ff0       data     extern C:\MCC18\v3_39\src\traditional\proc\p18F14K50.asm
              INTCON2bits   0x000ff1       data     extern C:\MCC18\v3_39\src\traditional\proc\p18F14K50.asm
                  INTCON2   0x000ff1       data     extern C:\MCC18\v3_39\src\traditional\proc\p18F14K50.asm
                   INTCON   0x000ff2       data     extern C:\MCC18\v3_39\src\traditional\proc\p18F14K50.asm
               INTCONbits   0x000ff2       data     extern C:\MCC18\v3_39\src\traditional\proc\p18F14K50.asm
                     PROD   0x000ff3       data     extern C:\MCC18\v3_39\src\traditional\proc\p18F14K50.asm
                    PRODL   0x000ff3       data     extern C:\MCC18\v3_39\src\traditional\proc\p18F14K50.asm
                    PRODH   0x000ff4       data     extern C:\MCC18\v3_39\src\traditional\proc\p18F14K50.asm
                   TABLAT   0x000ff5       data     extern C:\MCC18\v3_39\src\traditional\proc\p18F14K50.asm
                  TBLPTRL   0x000ff6       data     extern C:\MCC18\v3_39\src\traditional\proc\p18F14K50.asm
                   TBLPTR   0x000ff6       data     extern C:\MCC18\v3_39\src\traditional\proc\p18F14K50.asm
                  TBLPTRH   0x000ff7       data     extern C:\MCC18\v3_39\src\traditional\proc\p18F14K50.asm
                  TBLPTRU   0x000ff8       data     extern C:\MCC18\v3_39\src\traditional\proc\p18F14K50.asm
                       PC   0x000ff9       data     extern C:\MCC18\v3_39\src\traditional\proc\p18F14K50.asm
                      PCL   0x000ff9       data     extern C:\MCC18\v3_39\src\traditional\proc\p18F14K50.asm
                   PCLATH   0x000ffa       data     extern C:\MCC18\v3_39\src\traditional\proc\p18F14K50.asm
                   PCLATU   0x000ffb       data     extern C:\MCC18\v3_39\src\traditional\proc\p18F14K50.asm
               STKPTRbits   0x000ffc       data     extern C:\MCC18\v3_39\src\traditional\proc\p18F14K50.asm
                   STKPTR   0x000ffc       data     extern C:\MCC18\v3_39\src\traditional\proc\p18F14K50.asm
                     TOSL   0x000ffd       data     extern C:\MCC18\v3_39\src\traditional\proc\p18F14K50.asm
                      TOS   0x000ffd       data     extern C:\MCC18\v3_39\src\traditional\proc\p18F14K50.asm
                     TOSH   0x000ffe       data     extern C:\MCC18\v3_39\src\traditional\proc\p18F14K50.asm
                     TOSU   0x000fff       data     extern C:\MCC18\v3_39\src\traditional\proc\p18F14K50.asm


